// Jest Snapshot v1, https://goo.gl/fbAQLP

exports[`Popup should render Popup component 1`] = `
<Fragment>
  <div
    className="Popup Popup-decoration"
  >
    <ForwardRef(FocusLockUICombination)>
      <div
        className="Popup__content Popup__content-decoration backInDown"
      >
        <div
          className="Popup__contentHeader"
        >
          <button
            className="Popup__closeBtn clearBtn"
            onClick={[Function]}
          >
            <span
              aria-hidden="true"
            >
              Ã—
            </span>
          </button>
        </div>
        <div
          className="Popup__contentBody"
        />
      </div>
    </ForwardRef(FocusLockUICombination)>
  </div>
  <div
    className="overlay"
  />
</Fragment>
`;
