// Jest Snapshot v1, https://goo.gl/fbAQLP

exports[`Suspense matches snapshot 1`] = `
<DocumentFragment>
  <div
    class="Suspense"
  >
    <div
      class="Loader"
    >
      <div />
      <div />
      <div />
      <div />
    </div>
  </div>
</DocumentFragment>
`;
