// Jest Snapshot v1, https://goo.gl/fbAQLP

exports[`CookiesNotifying renders correctly 1`] = `
<div
  className="CookiesNotifying"
>
  <div
    className="CookiesNotifying__content"
  >
    <div
      className="CookiesNotifying__leftColumn"
    >
      <Component
        className="CookiesNotifying__icon"
        width="30"
      />
      <p
        className="CookiesNotifying__text"
      >
        We use cookies to personalise content and ads, to provide social media features and to analyse our traffic. We also share information about your use of our site with our social media, advertising and analytics partners who may combine it with other information that you’ve provided to them or that they’ve collected from your use of their services.
      </p>
    </div>
    <div
      className="CookiesNotifying__rightColumn"
    >
      <Button
        caption="accept and close"
        className="CookiesNotifying__button"
      />
    </div>
  </div>
</div>
`;
