// Jest Snapshot v1, https://goo.gl/fbAQLP

exports[`Loader should render correctly 1`] = `
<div
  className="Loader"
>
  <div />
  <div />
  <div />
  <div />
</div>
`;
